=== Run demarre le 2026-09-11 11:20:29 ===
-> Resultat ajoute a results/MacBookAir.jsonl
-> Comparatif ajoute a results/MacBookAir.md
{
  "modem_id": 1,
  "agent_id": "MacBookAir",
  "device_name": "Bolbol's Mac",
  "connection_type": "wifi",
  "network_name": null,
  "timestamp": "2026-09-11T10:20:30.312971+00:00",
  "download_mbps": 49.1,
  "upload_mbps": 20.41,
  "latency_ms": 36.26,
  "latency_download_ms": 38.47,
  "latency_upload_ms": 284.8,
  "jitter_ms": 10.96,
  "packet_loss_pct": 0.0,
  "skipped": false,
  "evaluation": {
    "jitter_ms": {
      "value": 10.96,
      "status": "ok"
    },
    "packet_loss_pct": {
      "value": 0.0,
      "status": "ok"
    },
    "latency_ms": {
      "value": 36.26,
      "status": "ok"
    },
    "latency_download_ms": {
      "value": 38.47,
      "status": "ok"
    },
    "latency_upload_ms": {
      "value": 284.8,
      "status": "critical"
    },
    "global": "critical"
  }
}

### MacBookAir — modem 1 — 2026-09-11T10:20:30.312971+00:00

- **Appareil** : Bolbol's Mac
- **Connexion** : wifi — inconnu

| Metrique | Valeur | Warning | Critical | Statut |
|---|---|---|---|---|
| Jitter | 10.96 ms | > 20 ms | > 30 ms | OK |
| Perte de paquets | 0.0 % | > 0.5 % | > 1 % | OK |
| Latence a vide | 36.26 ms | > 100 ms | > 150 ms | OK |
| Latence sous charge (down) | 38.47 ms | > 150 ms | > 200 ms | OK |
| Latence sous charge (up) | 284.8 ms | > 150 ms | > 200 ms | CRITICAL |
| Debit download | 49.1 Mbps | - | - | info |
| Debit upload | 20.41 Mbps | - | - | info |

**Statut global : CRITICAL**

=== Run termine ===

